// Jest Snapshot v1, https://goo.gl/fbAQLP

exports[`DailyForecast Component match snapshot 1`] = `
<div
  className="MuiPaper-root MuiPaper-elevation MuiPaper-rounded MuiPaper-elevation1 css-kgzhwt-MuiPaper-root"
>
  <div
    className="MuiBox-root css-gg4vpm"
  >
    <div
      className="MuiBox-root css-0"
    >
      <div
        className="MuiTypography-root MuiTypography-caption css-ol7wxs-MuiTypography-root"
      >
        THURSDAY,
      </div>
      <div
        className="MuiTypography-root MuiTypography-h5 MuiTypography-noWrap css-1961ak2-MuiTypography-root"
      >
         July 14th
      </div>
    </div>
    <div
      className="MuiBox-root css-1kjvpf0"
    >
      <svg
        aria-hidden={true}
        className="MuiSvgIcon-root MuiSvgIcon-colorSecondary MuiSvgIcon-fontSizeMedium css-1gobhg7-MuiSvgIcon-root"
        data-testid="ThermostatIcon"
        focusable="false"
        viewBox="0 0 24 24"
      >
        <path
          d="M15 13V5c0-1.66-1.34-3-3-3S9 3.34 9 5v8c-1.21.91-2 2.37-2 4 0 2.76 2.24 5 5 5s5-2.24 5-5c0-1.63-.79-3.09-2-4zm-4-2V5c0-.55.45-1 1-1s1 .45 1 1v1h-1v1h1v2h-1v1h1v1h-2z"
        />
      </svg>
      <div
        className="MuiTypography-root MuiTypography-h3 MuiTypography-noWrap css-t5epxe-MuiTypography-root"
      >
        21
        ˚F
      </div>
      <div
        className="MuiBox-root css-yys0vv"
      >
        <span
          className="MuiTypography-root MuiTypography-body1 MuiTypography-alignRight css-1lrbjvi-MuiTypography-root"
          title="Max"
        >
          23
          ˚
        </span>
        <span
          className="MuiTypography-root MuiTypography-body1 MuiTypography-alignRight css-1lrbjvi-MuiTypography-root"
          title="Mean"
        >
          15
          ˚
        </span>
        <span
          className="MuiTypography-root MuiTypography-body1 MuiTypography-alignRight css-1lrbjvi-MuiTypography-root"
          title="Min"
        >
          7
          ˚
        </span>
      </div>
    </div>
  </div>
  <div
    className="MuiGrid-root MuiGrid-container css-yfgpcs-MuiGrid-root"
  >
    <div
      className="MuiGrid-root MuiGrid-item MuiGrid-grid-xs-3 css-1equabv-MuiGrid-root"
    >
      <div
        className="MuiBox-root css-dvxtzn"
      >
        <div
          className="MuiTypography-root MuiTypography-h6 css-tr8st4-MuiTypography-root"
        >
          7
          ˚
        </div>
        <div
          className="MuiBox-root css-164r41r"
        >
          <div
            className="MuiTypography-root MuiTypography-caption css-ol7wxs-MuiTypography-root"
          >
            MORNING
          </div>
        </div>
      </div>
    </div>
    <div
      className="MuiGrid-root MuiGrid-item MuiGrid-grid-xs-3 css-1equabv-MuiGrid-root"
    >
      <div
        className="MuiBox-root css-dvxtzn"
      >
        <div
          className="MuiTypography-root MuiTypography-h6 css-tr8st4-MuiTypography-root"
        >
          10
          ˚
        </div>
        <div
          className="MuiBox-root css-164r41r"
        >
          <div
            className="MuiTypography-root MuiTypography-caption css-ol7wxs-MuiTypography-root"
          >
            NIGHT
          </div>
        </div>
      </div>
    </div>
    <div
      className="MuiGrid-root MuiGrid-item MuiGrid-grid-xs-3 css-1equabv-MuiGrid-root"
    >
      <div
        className="MuiBox-root css-dvxtzn"
      >
        <div
          className="MuiTypography-root MuiTypography-h6 css-tr8st4-MuiTypography-root"
        >
          19
          ˚
        </div>
        <div
          className="MuiBox-root css-164r41r"
        >
          <div
            className="MuiTypography-root MuiTypography-caption css-ol7wxs-MuiTypography-root"
          >
            FEELING
          </div>
        </div>
      </div>
    </div>
    <div
      className="MuiGrid-root MuiGrid-item MuiGrid-grid-xs-3 css-1equabv-MuiGrid-root"
    >
      <div
        className="MuiBox-root css-dvxtzn"
      >
        <div
          className="MuiTypography-root MuiTypography-h6 css-tr8st4-MuiTypography-root"
        >
          60
          %
        </div>
        <div
          className="MuiBox-root css-164r41r"
        >
          <div
            className="MuiTypography-root MuiTypography-caption css-ol7wxs-MuiTypography-root"
          >
            HUMIDITY
          </div>
        </div>
      </div>
    </div>
  </div>
</div>
`;
